玄幻奇幻 玄幻奇幻
武侠仙侠 武侠仙侠
现代都市 现代都市
官场职场 官场职场
军事历史 军事历史
游戏竞技 游戏竞技
科幻小说 科幻小说
言情小说 言情小说
悬疑灵异 悬疑灵异
青春校园 青春校园
穿越架空 穿越架空
影视剧本 影视剧本
耽美同人 耽美同人
经管励志 经管励志
文学经典 文学经典
生活休闲 生活休闲
人文社科 人文社科
期刊杂志 期刊杂志

奇幻 玄幻奇幻
玄幻 玄幻奇幻
幻想 玄幻奇幻
奇幻小说 玄幻奇幻
玄幻魔法 玄幻奇幻
魔幻小说 玄幻奇幻
玄幻武侠 玄幻奇幻

仙侠 武侠仙侠
武侠 武侠仙侠
武侠修真 武侠仙侠
武侠出版 武侠仙侠
古典仙侠 武侠仙侠

都市 现代都市
奢华 现代都市
都市生活 现代都市
都市言情 现代都市
都市出版 现代都市

商战 官场职场
官场 官场职场
职场 官场职场
商战出版 官场职场
官场出版 官场职场
职场出版 官场职场

军史 军事历史
历史 军事历史
军事 军事历史
历史军事 军事历史
军事出版 军事历史
历史出版 军事历史

网游 游戏竞技
游戏 游戏竞技
竞技 游戏竞技
网游动漫 游戏竞技
网游竞技 游戏竞技

科幻 科幻小说
科幻出版 科幻小说

幻言 言情小说
现言 言情小说
古言 言情小说
浪漫 言情小说
言情 言情小说
都市言情 言情小说

悬疑 悬疑灵异
灵异 悬疑灵异
恐怖灵异 悬疑灵异
悬疑推理 悬疑灵异
侦探推理 悬疑灵异
恐怖悬疑 悬疑灵异

青春 青春校园
校园 青春校园

穿越 穿越架空
时空穿梭 穿越架空

影视 影视剧本

耽美 耽美同人
同人 耽美同人

理财 经管励志
励志 经管励志
经管 经管励志
管理 经管励志
财经 经管励志

美文 文学经典
杂文 文学经典
现代 文学经典
当代 文学经典
古典 文学经典
经典 文学经典
畅销 文学经典
文学 文学经典
名著 文学经典
名著小说 文学经典
经典文学 文学经典
散文诗词 文学经典

生活 生活休闲
时事 生活休闲
时尚 生活休闲
家庭 生活休闲
健康 生活休闲
旅游 生活休闲
短篇 生活休闲
译林 生活休闲
幽默 生活休闲
故事 生活休闲
娱乐 生活休闲
体育 生活休闲
体坛 生活休闲
汽车 生活休闲
数码 生活休闲
其他 生活休闲
其他类型 生活休闲
生活小说 生活休闲
相声评书 生活休闲
幽默短篇 生活休闲
综艺娱乐 生活休闲

人文 人文社科
社科 人文社科
行业 人文社科
教育 人文社科
通话 人文社科
科普 人文社科
纪实 人文社科
传记 人文社科
名人 人文社科
外文 人文社科
移动学习 人文社科
儿童读物 人文社科
少儿读物 人文社科

期刊 期刊杂志
杂志 期刊杂志                        